
2026-07-30 22:21:44 Successfully updated ubs0
2026-07-30 22:22:02 Successfully updated ubs1
2026-07-30 22:23:04 Successfully updated ubs0
2026-07-30 22:23:19 Successfully updated ubs1
2026-07-30 22:23:59 Successfully updated ubs0
2026-07-30 22:24:15 Successfully updated ubs1
2026-07-31 01:33:46 Successfully updated ubs0
2026-07-31 01:34:04 Successfully updated ubs1
2026-07-31 01:35:08 Successfully updated ubs0
2026-07-31 01:35:22 Successfully updated ubs1
2026-08-06 20:15:53 Successfully updated ubs0
2026-08-06 20:21:54 Successfully updated ubs1
2026-08-12 12:01:04 Successfully updated ubs0
2026-08-12 12:04:37 Successfully updated ubs1
2026-08-12 12:18:15 Successfully updated ubs0
2026-08-12 12:18:31 Successfully updated ubs1
2026-08-12 12:28:37 Error updating ubs0
2026-08-12 12:28:54 Successfully updated ubs1
2026-08-12 12:29:47 Error updating ubs0
2026-08-12 12:30:02 Successfully updated ubs1
2026-08-12 12:52:09 Error updating ubs0
2026-08-12 12:52:14 Error updating ubs1
ERROR: 2026-08-12 13:09:24 Error updating ubs0
ERROR: 2026-08-12 13:09:29 Error updating ubs1
[1;36mINFO[1;30m 2026-08-12 18:11:03 Update ubs0 ([1;32msuccessful[1;30m)with exit status 0[0m
\e[1;31mERROR\e[0m 2026-08-12 18:11:49 Update server ubs0 (\e[1;31mfailed\e[0m)
\e[1;31mERROR\e[0m 2026-08-12 18:11:55 Update server ubs1 (\e[1;31mfailed\e[0m)
[1;36mINFO[1;30m 2026-08-12 18:12:52 Update ubs0 ([1;32msuccessful[1;30m)with exit status 0[0m
\e[1;31mERROR\e[0m 2026-08-12 18:13:15 Update server ubs0 (\e[1;31mfailed\e[0m)
[1;36mINFO[1;30m 2026-08-12 18:13:34 Update ubs1 ([1;32msuccessful[1;30m)with exit status 0[0m
[1;36mINFO[1;30m 2026-08-12 18:17:12 Update ubs0 ([1;32msuccessful[1;30m)with exit status 0[0m
